// Jest Snapshot v1, https://goo.gl/fbAQLP

exports[`<HomePage /> should render and match the snapshot 1`] = `
<div
  class="Wrapper-tno06a-0 bqIzVi"
>
  <h2>
    <span>
      View Your Words and Phrases Below
    </span>
  </h2>
  <div
    class="spinner"
  >
    <div
      class="rect1"
    />
    <div
      class="rect2"
    />
    <div
      class="rect3"
    />
    <div
      class="rect4"
    />
    <div
      class="rect5"
    />
  </div>
</div>
`;
