// Jest Snapshot v1, https://goo.gl/fbAQLP

exports[`getStrings saga getStringData saga should watch for LOAD_STRINGS actions and call getStrings when one is dispatched 1`] = `
Object {
  "@@redux-saga/IO": true,
  "combinator": false,
  "payload": Object {
    "args": Array [
      "http://localhost:3000/strings",
    ],
    "context": null,
    "fn": [Function],
  },
  "type": "CALL",
}
`;

exports[`getStrings saga should dispatch loadStringsError if data request fails 1`] = `
Object {
  "@@redux-saga/IO": true,
  "combinator": false,
  "payload": Object {
    "args": Array [
      "http://localhost:3000/strings",
    ],
    "context": null,
    "fn": [Function],
  },
  "type": "CALL",
}
`;

exports[`getStrings saga should dispatch loadStringsSuccess if data request is successful 1`] = `
Object {
  "@@redux-saga/IO": true,
  "combinator": false,
  "payload": Object {
    "args": Array [
      "http://localhost:3000/strings",
    ],
    "context": null,
    "fn": [Function],
  },
  "type": "CALL",
}
`;
